x,custom_sec_critical(x)
-7.853981633974483,1.0
-6.283185307179586,1.0
-4.71238898038469,1.0
-3.141592653589793,1.0
-1.5707963267948966,1.0
0.0,1.0
1.5707963267948966,0.05458461580232875
3.141592653589793,0.284582674929424
4.71238898038469,0.1136808770780021
6.283185307179586,0.0030255425053380314
